// Jest Snapshot v1, https://goo.gl/fbAQLP

exports[`<A /> should match the snapshot 1`] = `
.c0 {
  color: #0e658c;
  padding: 2em 0;
}

.c0:hover {
  color: #0e658c;
}

<a
  className="c0"
/>
`;
